直达✓ 卢浮宫博物馆 | https://www.louvre.fr/en/visites-en-ligne
直达✓ 大都会艺术博物馆 | https://www.metmuseum.org/art/collection/met-360-project
直达✓ 史密森尼国家自然历史博物馆 | https://naturalhistory2.si.edu/vt3/NMNH/
直达✓ 梵蒂冈博物馆（西斯廷礼拜堂） | https://www.vatican.va/various/cappelle/sistina_vr/index.html
直达✓ 乌菲兹美术馆 | https://www.uffizi.it/mostre-virtuali
直达✓ 故宫博物院 | https://pano.dpm.org.cn/
保留首页 敦煌莫高窟 | https://www.e-dunhuang.com/
深挖→ 中国国家博物馆 https://www.chnmuseum.cn/ => https://www.chnmuseum.cn/shxg/gbzp/202608/t20260806_281360.shtml
深挖→ 安妮之家 https://www.annefrank.org/en/museum/web-and-d => https://eyespy360.vr-360-tour.com/e/jRQBkeIsydQ/e?dimensions=fals
保留首页 荷兰国立博物馆 | https://www.rijksmuseum.nl/en/from-home/masterpieces-up
保留首页 佩加蒙博物馆 | https://www.smb.museum/en/museums-institutions/pergamon
直达✓ 普拉多博物馆 | https://www.museodelprado.es/en/visit-the-museum/virtual-tour
直达✓ 奥赛博物馆 | https://www.musee-orsay.fr/en/visit/virtual-tour
直达✓ 伦敦自然历史博物馆 | https://www.nhm.ac.uk/visit/virtual-museum.html
GAC·保留 大英博物馆
GAC·保留 梵高博物馆
GAC·保留 现代艺术博物馆
GAC·保留 古根海姆博物馆
GAC·保留 圣保罗艺术博物馆
GAC·保留 东京国立博物馆
GAC·保留 韩国国立中央博物馆
直达✓ 凡尔赛宫 | https://virtualtour.chateauversailles.fr/
直达✓ 埃尔米塔日博物馆（冬宫） | https://www.hermitagemuseum.org/wps/portal/hermitage/virtual_visi
保留首页 雅典卫城博物馆 | https://www.theacropolismuseum.gr/en
保留首页 埃及博物馆 | https://gem.eg/
深挖→ 芝加哥艺术博物馆 https://www.artic.edu/visit => https://www.artic.edu/my-museum-tour
保留首页 盖蒂中心 | https://www.getty.edu/visit/
直达✓ 美国国家美术馆 | https://www.nga.gov/visit/tours-and-guides/self-guided-tours.html
深挖→ 泰特现代美术馆 https://www.tate.org.uk/visit/tate-modern => https://www.tate.org.uk/whats-on?date_range=from_now&event_type=a
深挖→ 维也纳艺术史博物馆 https://www.khm.at/en/ => https://shop.khm.at/en/products/100000000039026-3600-0
深挖→ 橘园美术馆 https://www.musee-orangerie.fr/en => https://www.musee-orangerie.fr/en/program/whats-on/tours-and-work
深挖→ 毕尔巴鄂古根海姆美术馆 https://www.guggenheim-bilbao.eus/en => https://www.guggenheim-bilbao.eus/en/guided-tours-and-groups
保留首页 罗丹美术馆 | https://www.musee-rodin.fr/en
深挖→ 莫瑞泰斯皇家美术馆 https://www.mauritshuis.nl/en/ => https://www.mauritshuis.nl/en/our-collection/new-and-on-tour/coll
保留首页 上海博物馆 | https://www.shanghaimuseum.net/frontend/pg/infomation/i
保留首页 南京博物院 | https://www.njmuseum.com/
深挖→ 河南博物院 https://www.chnmus.net/ch/exhibitions/online/ => https://www.chnmus.net/ch/exhibitions/virtual/index.html
保留首页 湖南博物院 | https://de.hnmuseum.com/collection/
保留首页 苏州博物馆 | https://www.szmuseum.com/Exhibition/Other/Digitization
直达✓ 香港故宫文化博物馆 | https://www.hkpm.org.hk/sc/visit/tour
直达✓ 新加坡国家博物馆 | https://v360.nhb.gov.sg/nms/
保留首页 安大略皇家博物馆 | https://www.rom.on.ca/en
直达✓ 上海自然博物馆 | https://www.snhm.org.cn/cszl/virtualRoaming.htm
保留首页 伦敦科学博物馆 | https://www.sciencemuseum.org.uk/
深挖→ 德意志博物馆 https://www.deutsches-museum.de/en => https://virtualtour.deutsches-museum.de/
深挖→ 中国科学技术馆 https://www.cstm.org.cn/ => https://xnmy.cdstm.cn/xnmy/vr/65921/index.html
保留首页 陕西历史博物馆 | https://www.sxhm.com/
保留首页 秦始皇帝陵博物院 | https://bmy.com.cn/guide/scenic.html?tid=1
深挖→ 广岛和平纪念资料馆 https://hpmmuseum.jp/ => https://peace-tourism.com/
深挖→ 成都博物馆 https://www.cdmuseum.com/ => http://znkfyy.cdmuseum.com:9001/api/aitourism/chatFrame#
保留首页 浙江省博物馆 | https://www.zhejiangmuseum.com/
直达✓ 中国国家博物馆 | https://m.chnmuseum.cn/portals/0/web/vr/
保留首页 美国国家历史博物馆 | https://americanhistory.si.edu/
保留首页 卢浮宫阿布扎比 | https://www.louvreabudhabi.ae/
深挖→ 菲尔德自然史博物馆 https://www.fieldmuseum.org/ => https://www.fieldmuseum.org/exhibition/experience/vr-transporter
深挖→ 维多利亚国家美术馆 https://www.ngv.vic.gov.au/ => https://www.ngv.vic.gov.au/whats-on/tours-and-experiences/
深挖→ 蒂森-博内米萨博物馆 https://www.museothyssen.org/en => https://entradas.museothyssen.org/en/232-self-led-tour/13469-full
保留首页 帝国战争博物馆 | https://www.iwm.org.uk/
DONE
