抓预览图 49 馆...
拿到 5/49 张预览图
  无图: 大都会艺术博物馆 HTTP Error 429: Too Many Reque
  无图: 史密森尼国家自然历史博物馆 no-og
  无图: 梵蒂冈博物馆（西斯廷礼拜堂） <urlopen error timed out>
  无图: 故宫博物院 no-og
  无图: 敦煌莫高窟 no-og
  无图: 中国国家博物馆 no-og
  无图: 荷兰国立博物馆 skip-proxy
  无图: 佩加蒙博物馆 skip-proxy
  无图: 普拉多博物馆 HTTP Error 403: Forbidden
  无图: 奥赛博物馆 HTTP Error 403: Forbidden
  无图: 伦敦自然历史博物馆 HTTP Error 403: Forbidden
  无图: 大英博物馆 skip-proxy
  无图: 梵高博物馆 skip-proxy
  无图: 现代艺术博物馆 skip-proxy
  无图: 古根海姆博物馆 skip-proxy
  无图: 圣保罗艺术博物馆 skip-proxy
  无图: 东京国立博物馆 skip-proxy
  无图: 韩国国立中央博物馆 skip-proxy
  无图: 凡尔赛宫 <urlopen error [Errno -2] Name
  无图: 埃尔米塔日博物馆（冬宫） <urlopen error [SSL: CERTIFICA
  无图: 雅典卫城博物馆 no-og
  无图: 芝加哥艺术博物馆 HTTP Error 403: Forbidden
  无图: 盖蒂中心 skip-proxy
  无图: 美国国家美术馆 skip-proxy
  无图: 泰特现代美术馆 skip-proxy
  无图: 维也纳艺术史博物馆 skip-proxy
  无图: 橘园美术馆 skip-proxy
  无图: 罗丹美术馆 skip-proxy
  无图: 莫瑞泰斯皇家美术馆 skip-proxy
  无图: 河南博物院 no-og
  无图: 湖南博物院 no-og
  无图: 新加坡国家博物馆 no-og
  无图: 安大略皇家博物馆 skip-proxy
  无图: 上海自然博物馆 no-og
  无图: 伦敦科学博物馆 skip-proxy
  无图: 德意志博物馆 no-og
  无图: 中国科学技术馆 no-og
  无图: 秦始皇帝陵博物院 no-og
  无图: 浙江省博物馆 no-og
  无图: 美国国家历史博物馆 skip-proxy
  无图: 卢浮宫阿布扎比 skip-proxy
  无图: 菲尔德自然史博物馆 no-og
  无图: 维多利亚国家美术馆 skip-proxy
  无图: 帝国战争博物馆 skip-proxy
